---
source: tests/journey/cli.rs
info:
  program: pace
  args:
    - "--config"
    - tests/fixtures/configs/pace.toml
    - "--activity-log"
    - "./tests/fixtures/activity_tracker/activities.pace.toml"
    - reflect
    - "--from"
    - 2024-02-26
    - "--to"
    - 2024-02-28
    - "--category"
    - "*pace"
---
success: true
exit_code: 0
----- stdout -----
╭─────────────┬─────────────────────────┬─────────────────────┬─────────────────╮
│            Your activity insights for the period:                             │
│                                                                               │
│            2024-02-26 00:00:00 +00:00 - 2024-02-28 23:59:59 +00:00            │
├─────────────┼─────────────────────────┼─────────────────────┼─────────────────┤
│  Category   │       Description       │ Duration (Sessions) │ Breaks (Amount) │
├─────────────┼─────────────────────────┼─────────────────────┼─────────────────┤
│ development │                         │              3m 22s │           4m 4s │
├─────────────┼─────────────────────────┼─────────────────────┼─────────────────┤
│    pace     │ Implementing Reflection │          3m 22s (1) │       4m 4s (1) │
├─────────────┼─────────────────────────┼─────────────────────┼─────────────────┤
│    Total    │                         │              3m 22s │           4m 4s │
╰─────────────┴─────────────────────────┴─────────────────────┴─────────────────╯

----- stderr -----
