---
source: tests/cli.rs
info:
  program: pace
  args:
    - "--config"
    - tests/fixtures/configs/pace.toml
    - "--activity-log-file"
    - "./tests/fixtures/activity_tracker/activities.pace.toml"
    - review
    - "--date"
    - 2024-02-26
---
success: true
exit_code: 0
----- stdout -----
╭─────────────┬─────────────────────┬─────────────────────┬─────────────────╮
│                 Your activity insights for the period:                    │
│                                                                           │
│                 2024-02-26 00:00:00 - 2024-02-26 23:59:59                 │
├─────────────┼─────────────────────┼─────────────────────┼─────────────────┤
│  Category   │     Description     │ Duration (Sessions) │ Breaks (Amount) │
├─────────────┼─────────────────────┼─────────────────────┼─────────────────┤
│ development │                     │              3m 22s │           4m 4s │
├─────────────┼─────────────────────┼─────────────────────┼─────────────────┤
│    pace     │ Implementing Review │          3m 22s (1) │       4m 4s (1) │
├─────────────┼─────────────────────┼─────────────────────┼─────────────────┤
│    Total    │                     │              3m 22s │           4m 4s │
╰─────────────┴─────────────────────┴─────────────────────┴─────────────────╯

----- stderr -----
