---
source: tests/cli.rs
assertion_line: 66
info:
  program: pace
  args:
    - help
---
success: true
exit_code: 0
----- stdout -----
pace - Mindful Time Tracking: Simplify Your Focus and Boost Productivity Effortlessly.

Usage: pace [OPTIONS] <COMMAND>

Commands:
  adjust  üìù Adjust the details of an activity, such as its category, description, or tags
              [aliases: a]
  begin   ‚åö Starts tracking time for an activity [aliases: b]
  end     ‚èπÔ∏è  Stops time tracking for the most recent or all activities [aliases: e]
  hold    ‚è∏Ô∏è  Pauses the time tracking for the most recent active activity [aliases: h]
  now     ‚è≤Ô∏è  Shows you at a glance what you're currently tracking [aliases: n]
  resume  ‚èØÔ∏è  Resumes a previously paused activity, allowing you to continue where you left off
              [aliases: r]
  review  üìà Get sophisticated insights on your activities [aliases: rev]
  setup   üõ†Ô∏è  Set up a pace configuration, a new project, or generate shell completions
              [aliases: s]
  docs    üìö Open the online documentation for pace [aliases: d]
  help    Print this message or the help of the given subcommand(s)

Options:
  -v, --verbose
          Enable verbose logging
      --config <CONFIG>
          Use the specified config file [env: PACE_CONFIG_FILE=]
      --activity-log-file <ACTIVITY_LOG_FILE>
          Use the specified activity log file [env: PACE_ACTIVITY_LOG_FILE=]
      --home <HOME>
          Pace Home Directory [env: PACE_HOME=]
  -h, --help
          Print help
  -V, --version
          Print version

----- stderr -----
