---
source: tests/cli.rs
info:
  program: pace
  args:
    - "--activity-log-file"
    - "C:\\Users\\dailyuse\\backup\\PARA\\Personal\\2 Areas\\Developer\\Maintenance\\pace\\pace-rs\\pace\\./tests/generated\\.tmp5XbUXr\\activities.pace.toml"
    - end
---
success: true
exit_code: 0
----- stdout -----
Ended ðŸ“†  Activity: "MyActivity" (MyCategory::SubCategory) started just now

----- stderr -----
