---
source: tests/cli.rs
info:
  program: pace
  args:
    - "--config"
    - tests/fixtures/configs/pace.toml
    - "--activity-log-file"
    - "D:\\a\\pace\\pace\\./tests/generated\\.tmpJC8IWS\\activities.pace.toml"
    - now
---
success: true
exit_code: 0
----- stdout -----
ðŸ“†  Activity: "MyActivity" (MyCategory::SubCategory) started just now in UTC+00:00

----- stderr -----
